A:
338428685950480781499941977656956372170
1111111010011010111111100111100011010011100100101110110010000000
1000100111010110110010111011111110110011010010010100010011001010
B:
213665947943532644910906101368171954770
1010000010111110100100001001000111000001000101101010100000110100
0110101000111100111000111100011111000000010110101000001001010010
C:
REAL:
72310685994893584453064722851258843030820489156086252536020901200436526750900
72310685994893584453064722851832197997058553066202884336747300557169229470900


0.1000100111010110110010111011111110110011010010010100010011001010
0.1000100111010110110010111011111110110011010010010100010011001010

0.0110101000111100111000111100011111000000010110101000001001010010
0.0110101000111100111000111100011111000000010110101000001001010010
